// Jest Snapshot v1, https://goo.gl/fbAQLP

exports[`ember-emplate-lint-summary-task summarizes eslint and outputs to JSON 1`] = `
Array [
  Object {
    "locations": Array [
      Object {
        "physicalLocation": Object {
          "artifactLocation": Object {
            "uri": "included-path.hbs",
          },
          "region": Object {
            "startColumn": 10,
            "startLine": 3,
          },
        },
      },
    ],
    "message": Object {
      "text": "Non-translated string used",
    },
    "occurrenceCount": 1,
    "properties": Object {
      "category": "linting",
      "group": "linting-summary",
      "lintRuleId": "no-bare-strings",
      "taskDisplayName": "Template Lint Summary",
      "type": "error",
    },
    "ruleId": "ember-template-lint-summary",
  },
  Object {
    "locations": Array [
      Object {
        "physicalLocation": Object {
          "artifactLocation": Object {
            "uri": "included-path.hbs",
          },
          "region": Object {
            "startColumn": 10,
            "startLine": 5,
          },
        },
      },
    ],
    "message": Object {
      "text": "Non-translated string used",
    },
    "occurrenceCount": 1,
    "properties": Object {
      "category": "linting",
      "group": "linting-summary",
      "lintRuleId": "no-bare-strings",
      "taskDisplayName": "Template Lint Summary",
      "type": "error",
    },
    "ruleId": "ember-template-lint-summary",
  },
  Object {
    "locations": Array [
      Object {
        "physicalLocation": Object {
          "artifactLocation": Object {
            "uri": "included-path.hbs",
          },
          "region": Object {
            "startColumn": 9,
            "startLine": 2,
          },
        },
      },
    ],
    "message": Object {
      "text": "elements cannot have inline styles",
    },
    "occurrenceCount": 1,
    "properties": Object {
      "category": "linting",
      "group": "linting-summary",
      "lintRuleId": "no-inline-styles",
      "taskDisplayName": "Template Lint Summary",
      "type": "error",
    },
    "ruleId": "ember-template-lint-summary",
  },
  Object {
    "locations": Array [
      Object {
        "physicalLocation": Object {
          "artifactLocation": Object {
            "uri": "included-path.hbs",
          },
          "region": Object {
            "startColumn": 6,
            "startLine": 4,
          },
        },
      },
    ],
    "message": Object {
      "text": "All \`<img>\` tags must have an alt attribute",
    },
    "occurrenceCount": 1,
    "properties": Object {
      "category": "linting",
      "group": "linting-summary",
      "lintRuleId": "require-valid-alt-text",
      "taskDisplayName": "Template Lint Summary",
      "type": "warning",
    },
    "ruleId": "ember-template-lint-summary",
  },
]
`;
